// Jest Snapshot v1, https://goo.gl/fbAQLP

exports[`<List /> renders this UI as expected 1`] = `
<section
  className="List"
>
  <header
    className="List-header"
  >
    <h3>
      test header
    </h3>
  </header>
  <div
    className="List-cards"
  >
    <div
      className="Card"
    >
      <button
        type="button"
      >
        delete
      </button>
      <h3>
        Test Card
      </h3>
      <p>
        loren ipsom
      </p>
    </div>
  </div>
</section>
`;
